\BOOKMARK [1][-]{Doc-Start}{\376\377\000A\000b\000s\000t\000r\000a\000c\000t}{}% 1
\BOOKMARK [1][-]{section.1}{\376\377\000I\000n\000t\000r\000o\000d\000u\000c\000t\000i\000o\000n}{}% 2
\BOOKMARK [1][-]{section.2}{\376\377\000L\000i\000t\000e\000r\000a\000t\000u\000r\000e\000\040\000R\000e\000v\000i\000e\000w}{}% 3
\BOOKMARK [2][-]{subsection.2.1}{\376\377\000H\000y\000p\000e\000r\000p\000a\000r\000a\000m\000e\000t\000e\000r\000\040\000O\000p\000t\000i\000m\000i\000z\000a\000t\000i\000o\000n\000\040\000S\000u\000r\000v\000e\000y\000s}{section.2}% 4
\BOOKMARK [2][-]{subsection.2.2}{\376\377\000L\000e\000a\000r\000n\000i\000n\000g\000\040\000R\000a\000t\000e\000\040\000a\000n\000d\000\040\000O\000p\000t\000i\000m\000i\000z\000a\000t\000i\000o\000n\000\040\000A\000l\000g\000o\000r\000i\000t\000h\000m\000s}{section.2}% 5
\BOOKMARK [2][-]{subsection.2.3}{\376\377\000R\000e\000g\000u\000l\000a\000r\000i\000z\000a\000t\000i\000o\000n\000\040\000a\000n\000d\000\040\000G\000e\000n\000e\000r\000a\000l\000i\000z\000a\000t\000i\000o\000n}{section.2}% 6
\BOOKMARK [2][-]{subsection.2.4}{\376\377\000A\000r\000c\000h\000i\000t\000e\000c\000t\000u\000r\000e\000-\000S\000p\000e\000c\000i\000f\000i\000c\000\040\000O\000p\000t\000i\000m\000i\000z\000a\000t\000i\000o\000n}{section.2}% 7
\BOOKMARK [2][-]{subsection.2.5}{\376\377\000A\000u\000t\000o\000m\000a\000t\000e\000d\000\040\000M\000a\000c\000h\000i\000n\000e\000\040\000L\000e\000a\000r\000n\000i\000n\000g}{section.2}% 8
\BOOKMARK [1][-]{section.3}{\376\377\000W\000h\000a\000t\000\040\000I\000m\000p\000a\000c\000t\000s\000\040\000t\000h\000e\000\040\000P\000e\000r\000f\000o\000r\000m\000a\000n\000c\000e\000\040\000o\000f\000\040\000a\000\040\000N\000e\000u\000r\000a\000l\000\040\000N\000e\000t\000w\000o\000r\000k\000?}{}% 9
\BOOKMARK [2][-]{subsection.3.1}{\376\377\000D\000a\000t\000a\000\040\000Q\000u\000a\000l\000i\000t\000y\000\040\000a\000n\000d\000\040\000Q\000u\000a\000n\000t\000i\000t\000y}{section.3}% 10
\BOOKMARK [2][-]{subsection.3.2}{\376\377\000A\000r\000c\000h\000i\000t\000e\000c\000t\000u\000r\000e\000\040\000D\000e\000s\000i\000g\000n}{section.3}% 11
\BOOKMARK [2][-]{subsection.3.3}{\376\377\000H\000y\000p\000e\000r\000p\000a\000r\000a\000m\000e\000t\000e\000r\000\040\000S\000e\000l\000e\000c\000t\000i\000o\000n}{section.3}% 12
\BOOKMARK [2][-]{subsection.3.4}{\376\377\000O\000p\000t\000i\000m\000i\000z\000a\000t\000i\000o\000n\000\040\000A\000l\000g\000o\000r\000i\000t\000h\000m}{section.3}% 13
\BOOKMARK [1][-]{section.4}{\376\377\000H\000o\000w\000\040\000S\000h\000o\000u\000l\000d\000\040\000O\000n\000e\000\040\000A\000p\000p\000r\000o\000a\000c\000h\000\040\000T\000u\000n\000i\000n\000g\000\040\000a\000\040\000N\000e\000t\000w\000o\000r\000k\000?}{}% 14
\BOOKMARK [2][-]{subsection.4.1}{\376\377\000A\000\040\000P\000r\000a\000c\000t\000i\000c\000a\000l\000\040\000T\000u\000n\000i\000n\000g\000\040\000W\000o\000r\000k\000f\000l\000o\000w}{section.4}% 15
\BOOKMARK [2][-]{subsection.4.2}{\376\377\000L\000e\000a\000r\000n\000i\000n\000g\000\040\000R\000a\000t\000e\000\040\000S\000c\000h\000e\000d\000u\000l\000e\000s}{section.4}% 16
\BOOKMARK [2][-]{subsection.4.3}{\376\377\000E\000a\000r\000l\000y\000\040\000S\000t\000o\000p\000p\000i\000n\000g}{section.4}% 17
\BOOKMARK [1][-]{section.5}{\376\377\000W\000h\000a\000t\000\040\000C\000a\000n\000\040\000B\000e\000\040\000E\000x\000p\000e\000c\000t\000e\000d\000\040\000a\000t\000\040\000t\000h\000e\000\040\000E\000n\000d\000\040\000o\000f\000\040\000T\000u\000n\000i\000n\000g\000?}{}% 18
\BOOKMARK [1][-]{section.6}{\376\377\000G\000e\000n\000e\000r\000i\000c\000\040\000v\000s\000.\000\040\000A\000r\000c\000h\000i\000t\000e\000c\000t\000u\000r\000e\000-\000S\000p\000e\000c\000i\000f\000i\000c\000\040\000T\000u\000n\000i\000n\000g}{}% 19
\BOOKMARK [2][-]{subsection.6.1}{\376\377\000A\000N\000N\000s\000\040\000/\000\040\000M\000L\000P\000s}{section.6}% 20
\BOOKMARK [2][-]{subsection.6.2}{\376\377\000C\000N\000N\000s}{section.6}% 21
\BOOKMARK [2][-]{subsection.6.3}{\376\377\000R\000N\000N\000s\000\040\000/\000\040\000L\000S\000T\000M\000s\000\040\000/\000\040\000G\000R\000U\000s}{section.6}% 22
\BOOKMARK [2][-]{subsection.6.4}{\376\377\000C\000o\000m\000p\000a\000r\000i\000n\000g\000\040\000t\000h\000e\000\040\000T\000h\000r\000e\000e}{section.6}% 23
\BOOKMARK [1][-]{section.7}{\376\377\000K\000e\000y\000\040\000P\000r\000a\000c\000t\000i\000c\000e\000s\000\040\000i\000n\000\040\000U\000s\000e\000\040\000T\000o\000d\000a\000y}{}% 24
\BOOKMARK [2][-]{subsection.7.1}{\376\377\000A\000u\000t\000o\000m\000a\000t\000e\000d\000\040\000H\000y\000p\000e\000r\000p\000a\000r\000a\000m\000e\000t\000e\000r\000\040\000S\000e\000a\000r\000c\000h}{section.7}% 25
\BOOKMARK [2][-]{subsection.7.2}{\376\377\000M\000i\000x\000e\000d\000-\000P\000r\000e\000c\000i\000s\000i\000o\000n\000\040\000T\000r\000a\000i\000n\000i\000n\000g}{section.7}% 26
\BOOKMARK [2][-]{subsection.7.3}{\376\377\000E\000x\000p\000e\000r\000i\000m\000e\000n\000t\000\040\000T\000r\000a\000c\000k\000i\000n\000g\000\040\000a\000n\000d\000\040\000R\000e\000p\000r\000o\000d\000u\000c\000i\000b\000i\000l\000i\000t\000y}{section.7}% 27
\BOOKMARK [2][-]{subsection.7.4}{\376\377\000E\000n\000s\000e\000m\000b\000l\000e\000s}{section.7}% 28
\BOOKMARK [1][-]{section.8}{\376\377\000M\000a\000t\000h\000e\000m\000a\000t\000i\000c\000a\000l\000\040\000B\000a\000c\000k\000g\000r\000o\000u\000n\000d\000\040\000S\000u\000m\000m\000a\000r\000y}{}% 29
\BOOKMARK [1][-]{section.9}{\376\377\000C\000o\000n\000c\000l\000u\000s\000i\000o\000n}{}% 30
